2025-12-11 23:15:50 [INFO] [tienda_magic.auto_etiquetar_renombrar] ==== INICIO auto_etiquetar_renombrar ====
2025-12-11 23:15:50 [INFO] [tienda_magic.auto_etiquetar_renombrar] ==== FIN OK auto_etiquetar_renombrar ====
2025-12-11 23:15:50 [INFO] [tienda_magic.construir_inventario_desde_fotos] ==== INICIO construir_inventario_desde_fotos ====
2025-12-11 23:15:50 [INFO] [tienda_magic.construir_inventario_desde_fotos] ==== FIN OK construir_inventario_desde_fotos ====
2025-12-11 23:15:51 [INFO] [tienda_magic.actualizar_precios_mtgjson] ==== INICIO actualizar_precios_mtgjson ====
2025-12-11 23:16:37 [INFO] [tienda_magic.actualizar_precios_mtgjson] ==== FIN OK actualizar_precios_mtgjson ====
2025-12-11 23:16:37 [INFO] [tienda_magic.actualizar_tienda] ==== INICIO actualizar_tienda ====
2025-12-11 23:17:02 [INFO] [tienda_magic.actualizar_tienda] ==== FIN OK actualizar_tienda ====
2025-12-11 23:17:02 [INFO] [tienda_magic.subir_html] ==== INICIO subir_html ====
2025-12-12 20:44:46 [INFO] [tienda_magic.auto_etiquetar_renombrar] ==== INICIO auto_etiquetar_renombrar ====
2025-12-12 20:49:10 [INFO] [tienda_magic.auto_etiquetar_renombrar] ==== FIN OK auto_etiquetar_renombrar ====
2025-12-12 20:49:10 [INFO] [tienda_magic.construir_inventario_desde_fotos] ==== INICIO construir_inventario_desde_fotos ====
2025-12-12 20:49:11 [INFO] [tienda_magic.construir_inventario_desde_fotos] ==== FIN OK construir_inventario_desde_fotos ====
2025-12-12 20:49:11 [INFO] [tienda_magic.actualizar_precios_mtgjson] ==== INICIO actualizar_precios_mtgjson ====
2025-12-12 20:50:29 [INFO] [tienda_magic.actualizar_precios_mtgjson] ==== FIN OK actualizar_precios_mtgjson ====
2025-12-12 20:50:30 [INFO] [tienda_magic.actualizar_tienda] ==== INICIO actualizar_tienda ====
2025-12-12 20:51:01 [INFO] [tienda_magic.actualizar_tienda] ==== FIN OK actualizar_tienda ====
2025-12-12 20:51:01 [INFO] [tienda_magic.subir_html] ==== INICIO subir_html ====
2025-12-12 20:51:05 [INFO] [tienda_magic.subir_html] ==== FIN OK subir_html ====
2025-12-12 21:13:36 [INFO] [tienda_magic.auto_etiquetar_renombrar] ==== INICIO auto_etiquetar_renombrar ====
2025-12-12 21:42:03 [INFO] [tienda_magic.auto_etiquetar_renombrar] ==== FIN OK auto_etiquetar_renombrar ====
2025-12-12 21:42:04 [INFO] [tienda_magic.construir_inventario_desde_fotos] ==== INICIO construir_inventario_desde_fotos ====
2025-12-12 21:42:04 [INFO] [tienda_magic.construir_inventario_desde_fotos] ==== FIN OK construir_inventario_desde_fotos ====
2025-12-12 21:42:05 [INFO] [tienda_magic.actualizar_precios_mtgjson] ==== INICIO actualizar_precios_mtgjson ====
2025-12-12 21:42:43 [INFO] [tienda_magic.actualizar_precios_mtgjson] ==== FIN OK actualizar_precios_mtgjson ====
2025-12-12 21:42:44 [INFO] [tienda_magic.actualizar_tienda] ==== INICIO actualizar_tienda ====
2025-12-12 21:43:13 [INFO] [tienda_magic.actualizar_tienda] ==== FIN OK actualizar_tienda ====
2025-12-12 21:43:13 [INFO] [tienda_magic.subir_html] ==== INICIO subir_html ====
2025-12-12 21:43:16 [INFO] [tienda_magic.subir_html] ==== FIN OK subir_html ====
2025-12-12 22:30:40 [INFO] [tienda_magic.auto_etiquetar_renombrar] ==== INICIO auto_etiquetar_renombrar ====
2025-12-12 23:08:08 [INFO] [tienda_magic.auto_etiquetar_renombrar] ==== FIN OK auto_etiquetar_renombrar ====
2025-12-12 23:08:08 [INFO] [tienda_magic.construir_inventario_desde_fotos] ==== INICIO construir_inventario_desde_fotos ====
2025-12-12 23:08:09 [INFO] [tienda_magic.construir_inventario_desde_fotos] ==== FIN OK construir_inventario_desde_fotos ====
2025-12-12 23:08:09 [INFO] [tienda_magic.actualizar_precios_mtgjson] ==== INICIO actualizar_precios_mtgjson ====
2025-12-12 23:08:45 [INFO] [tienda_magic.actualizar_precios_mtgjson] ==== FIN OK actualizar_precios_mtgjson ====
2025-12-12 23:08:46 [INFO] [tienda_magic.actualizar_tienda] ==== INICIO actualizar_tienda ====
2025-12-12 23:09:25 [INFO] [tienda_magic.actualizar_tienda] ==== FIN OK actualizar_tienda ====
2025-12-12 23:09:27 [INFO] [tienda_magic.subir_html] ==== INICIO subir_html ====
2025-12-12 23:09:31 [INFO] [tienda_magic.subir_html] ==== FIN OK subir_html ====
2025-12-12 23:38:35 [INFO] [tienda_magic.auto_etiquetar_renombrar] ==== INICIO auto_etiquetar_renombrar ====
2025-12-12 23:38:35 [INFO] [tienda_magic.auto_etiquetar_renombrar] ==== FIN OK auto_etiquetar_renombrar ====
2025-12-12 23:38:35 [INFO] [tienda_magic.construir_inventario_desde_fotos] ==== INICIO construir_inventario_desde_fotos ====
2025-12-12 23:38:36 [INFO] [tienda_magic.construir_inventario_desde_fotos] ==== FIN OK construir_inventario_desde_fotos ====
2025-12-12 23:38:36 [INFO] [tienda_magic.actualizar_precios_mtgjson] ==== INICIO actualizar_precios_mtgjson ====
2025-12-12 23:39:15 [INFO] [tienda_magic.actualizar_precios_mtgjson] ==== FIN OK actualizar_precios_mtgjson ====
2025-12-12 23:39:15 [INFO] [tienda_magic.actualizar_tienda] ==== INICIO actualizar_tienda ====
2025-12-12 23:39:49 [INFO] [tienda_magic.actualizar_tienda] ==== FIN OK actualizar_tienda ====
2025-12-12 23:39:50 [INFO] [tienda_magic.subir_html] ==== INICIO subir_html ====
2025-12-12 23:39:53 [INFO] [tienda_magic.subir_html] ==== FIN OK subir_html ====
2025-12-13 03:00:03 [INFO] [tienda_magic.auto_etiquetar_renombrar] ==== INICIO auto_etiquetar_renombrar ====
2025-12-13 03:00:03 [INFO] [tienda_magic.auto_etiquetar_renombrar] ==== FIN OK auto_etiquetar_renombrar ====
2025-12-13 03:00:03 [INFO] [tienda_magic.construir_inventario_desde_fotos] ==== INICIO construir_inventario_desde_fotos ====
2025-12-13 03:00:04 [INFO] [tienda_magic.construir_inventario_desde_fotos] ==== FIN OK construir_inventario_desde_fotos ====
2025-12-13 03:00:04 [INFO] [tienda_magic.actualizar_precios_mtgjson] ==== INICIO actualizar_precios_mtgjson ====
2025-12-13 03:00:44 [INFO] [tienda_magic.actualizar_precios_mtgjson] ==== FIN OK actualizar_precios_mtgjson ====
2025-12-13 03:00:44 [INFO] [tienda_magic.actualizar_tienda] ==== INICIO actualizar_tienda ====
2025-12-13 03:01:19 [INFO] [tienda_magic.actualizar_tienda] ==== FIN OK actualizar_tienda ====
2025-12-13 03:01:19 [INFO] [tienda_magic.subir_html] ==== INICIO subir_html ====
2025-12-13 11:17:27 [INFO] [tienda_magic.auto_etiquetar_renombrar] ==== INICIO auto_etiquetar_renombrar ====
2025-12-13 11:17:27 [INFO] [tienda_magic.auto_etiquetar_renombrar] ==== FIN OK auto_etiquetar_renombrar ====
2025-12-13 11:17:27 [INFO] [tienda_magic.construir_inventario_desde_fotos] ==== INICIO construir_inventario_desde_fotos ====
2025-12-13 11:17:28 [INFO] [tienda_magic.construir_inventario_desde_fotos] ==== FIN OK construir_inventario_desde_fotos ====
2025-12-13 11:17:29 [INFO] [tienda_magic.actualizar_precios_mtgjson] ==== INICIO actualizar_precios_mtgjson ====
2025-12-13 11:18:07 [INFO] [tienda_magic.actualizar_precios_mtgjson] ==== FIN OK actualizar_precios_mtgjson ====
2025-12-13 11:18:08 [INFO] [tienda_magic.actualizar_tienda] ==== INICIO actualizar_tienda ====
2025-12-13 11:18:47 [INFO] [tienda_magic.actualizar_tienda] ==== FIN OK actualizar_tienda ====
2025-12-13 11:18:47 [INFO] [tienda_magic.subir_html] ==== INICIO subir_html ====
2025-12-13 11:18:52 [INFO] [tienda_magic.subir_html] ==== FIN OK subir_html ====
2025-12-13 11:46:34 [INFO] [tienda_magic.auto_etiquetar_renombrar] ==== INICIO auto_etiquetar_renombrar ====
2025-12-13 11:46:34 [INFO] [tienda_magic.auto_etiquetar_renombrar] ==== FIN OK auto_etiquetar_renombrar ====
2025-12-13 11:46:34 [INFO] [tienda_magic.construir_inventario_desde_fotos] ==== INICIO construir_inventario_desde_fotos ====
2025-12-13 11:46:35 [INFO] [tienda_magic.construir_inventario_desde_fotos] ==== FIN OK construir_inventario_desde_fotos ====
2025-12-13 11:46:35 [INFO] [tienda_magic.actualizar_precios_mtgjson] ==== INICIO actualizar_precios_mtgjson ====
2025-12-13 11:47:14 [INFO] [tienda_magic.actualizar_precios_mtgjson] ==== FIN OK actualizar_precios_mtgjson ====
2025-12-13 11:47:14 [INFO] [tienda_magic.actualizar_tienda] ==== INICIO actualizar_tienda ====
2025-12-13 11:47:51 [INFO] [tienda_magic.actualizar_tienda] ==== FIN OK actualizar_tienda ====
2025-12-13 11:47:51 [INFO] [tienda_magic.subir_html] ==== INICIO subir_html ====
2025-12-13 11:47:54 [INFO] [tienda_magic.subir_html] ==== FIN OK subir_html ====
2025-12-26 17:17:20 [INFO] [tienda_magic.auto_etiquetar_renombrar] ==== INICIO auto_etiquetar_renombrar ====
2025-12-26 17:17:20 [INFO] [tienda_magic.auto_etiquetar_renombrar] ==== FIN OK auto_etiquetar_renombrar ====
2025-12-26 17:17:21 [INFO] [tienda_magic.construir_inventario_desde_fotos] ==== INICIO construir_inventario_desde_fotos ====
2025-12-26 17:17:21 [INFO] [tienda_magic.construir_inventario_desde_fotos] ==== FIN OK construir_inventario_desde_fotos ====
2025-12-26 17:17:22 [INFO] [tienda_magic.actualizar_precios_mtgjson] ==== INICIO actualizar_precios_mtgjson ====
2025-12-26 17:18:51 [INFO] [tienda_magic.actualizar_precios_mtgjson] ==== FIN OK actualizar_precios_mtgjson ====
2025-12-26 17:18:52 [INFO] [tienda_magic.actualizar_tienda] ==== INICIO actualizar_tienda ====
2025-12-26 17:19:35 [INFO] [tienda_magic.actualizar_tienda] ==== FIN OK actualizar_tienda ====
2025-12-26 17:19:35 [INFO] [tienda_magic.subir_html] ==== INICIO subir_html ====
2025-12-26 17:19:43 [INFO] [tienda_magic.subir_html] ==== FIN OK subir_html ====
2025-12-29 19:04:43 [INFO] [tienda_magic.auto_etiquetar_renombrar] ==== INICIO auto_etiquetar_renombrar ====
2025-12-29 19:04:43 [INFO] [tienda_magic.auto_etiquetar_renombrar] ==== FIN OK auto_etiquetar_renombrar ====
2025-12-29 19:04:44 [INFO] [tienda_magic.construir_inventario_desde_fotos] ==== INICIO construir_inventario_desde_fotos ====
2025-12-29 19:04:44 [INFO] [tienda_magic.construir_inventario_desde_fotos] ==== FIN OK construir_inventario_desde_fotos ====
2025-12-29 19:04:45 [INFO] [tienda_magic.actualizar_precios_mtgjson] ==== INICIO actualizar_precios_mtgjson ====
2025-12-29 19:06:06 [INFO] [tienda_magic.actualizar_precios_mtgjson] ==== FIN OK actualizar_precios_mtgjson ====
2025-12-29 19:06:06 [INFO] [tienda_magic.actualizar_tienda] ==== INICIO actualizar_tienda ====
2025-12-29 19:06:45 [INFO] [tienda_magic.actualizar_tienda] ==== FIN OK actualizar_tienda ====
2025-12-29 19:06:45 [INFO] [tienda_magic.subir_html] ==== INICIO subir_html ====
2025-12-29 19:06:50 [INFO] [tienda_magic.subir_html] ==== FIN OK subir_html ====
2026-01-19 14:25:46 [INFO] [tienda_magic.auto_etiquetar_renombrar] ==== INICIO auto_etiquetar_renombrar ====
2026-01-19 14:25:46 [INFO] [tienda_magic.auto_etiquetar_renombrar] ==== FIN OK auto_etiquetar_renombrar ====
2026-01-19 14:25:47 [INFO] [tienda_magic.construir_inventario_desde_fotos] ==== INICIO construir_inventario_desde_fotos ====
2026-01-19 14:25:47 [INFO] [tienda_magic.construir_inventario_desde_fotos] ==== FIN OK construir_inventario_desde_fotos ====
2026-01-19 14:25:48 [INFO] [tienda_magic.actualizar_precios_mtgjson] ==== INICIO actualizar_precios_mtgjson ====
2026-01-19 14:26:26 [INFO] [tienda_magic.actualizar_precios_mtgjson] ==== FIN OK actualizar_precios_mtgjson ====
2026-01-19 14:26:27 [INFO] [tienda_magic.actualizar_tienda] ==== INICIO actualizar_tienda ====
2026-01-19 14:27:05 [INFO] [tienda_magic.actualizar_tienda] ==== FIN OK actualizar_tienda ====
2026-01-19 14:27:05 [INFO] [tienda_magic.subir_html] ==== INICIO subir_html ====
2026-01-19 14:27:10 [INFO] [tienda_magic.subir_html] ==== FIN OK subir_html ====
2026-02-03 22:03:33 [INFO] [tienda_magic.auto_etiquetar_renombrar] ==== INICIO auto_etiquetar_renombrar ====
2026-02-03 22:03:33 [INFO] [tienda_magic.auto_etiquetar_renombrar] ==== FIN OK auto_etiquetar_renombrar ====
2026-02-03 22:03:34 [INFO] [tienda_magic.construir_inventario_desde_fotos] ==== INICIO construir_inventario_desde_fotos ====
2026-02-03 22:03:34 [INFO] [tienda_magic.construir_inventario_desde_fotos] ==== FIN OK construir_inventario_desde_fotos ====
2026-02-03 22:03:35 [INFO] [tienda_magic.actualizar_precios_mtgjson] ==== INICIO actualizar_precios_mtgjson ====
2026-02-03 22:04:56 [INFO] [tienda_magic.actualizar_precios_mtgjson] ==== FIN OK actualizar_precios_mtgjson ====
2026-02-03 22:04:56 [INFO] [tienda_magic.actualizar_tienda] ==== INICIO actualizar_tienda ====
2026-02-03 22:05:42 [INFO] [tienda_magic.actualizar_tienda] ==== FIN OK actualizar_tienda ====
2026-02-03 22:05:42 [INFO] [tienda_magic.subir_html] ==== INICIO subir_html ====
2026-02-03 22:05:49 [INFO] [tienda_magic.subir_html] ==== FIN OK subir_html ====
2026-03-02 20:55:52 [INFO] [tienda_magic.subir_html] ==== INICIO subir_html ====
2026-03-02 20:55:52 [INFO] [tienda_magic.subir_html] ==== FIN OK subir_html ====
